------------------------------------------------------------
[2025-06-20 14:03:50] INFO: End Synchronisation
[2025-06-20 14:03:50] INFO: End Sync DB to API
[2025-06-20 14:03:50] INFO: Send update to DB
[2025-06-20 14:03:50] INFO: Compare DB with API
[2025-06-20 14:03:50] INFO: Get all products from Db
[2025-06-20 14:03:50] INFO: Found 9 products from API.
[2025-06-20 14:03:50] INFO: Get all products from HttpAccess
[2025-06-20 14:03:50] INFO: Start Sync DB to API
[2025-06-20 14:03:50] INFO: End Sync DB to API
[2025-06-20 14:03:50] INFO: Send deletion to API
[2025-06-20 14:03:49] INFO: Send update to API
[2025-06-20 14:03:49] INFO: Get data from DB
[2025-06-20 14:03:49] INFO: Start Sync DB to API
[2025-06-20 14:03:49] INFO: Start Synchronisation...
------------------------------------------------------------
[2025-06-20 14:02:38] INFO: End Synchronisation
[2025-06-20 14:02:38] INFO: End Sync DB to API
[2025-06-20 14:02:38] INFO: Send update to DB
[2025-06-20 14:02:38] INFO: Compare DB with API
[2025-06-20 14:02:38] INFO: Get all products from Db
[2025-06-20 14:02:38] INFO: Found 9 products from API.
[2025-06-20 14:02:38] INFO: Get all products from HttpAccess
[2025-06-20 14:02:38] INFO: Start Sync DB to API
[2025-06-20 14:02:38] INFO: End Sync DB to API
[2025-06-20 14:02:38] INFO: Send deletion to API
[2025-06-20 14:02:38] INFO: Send update to API
[2025-06-20 14:02:37] INFO: Get data from DB
[2025-06-20 14:02:37] INFO: Start Sync DB to API
[2025-06-20 14:02:37] INFO: Start Synchronisation...
------------------------------------------------------------
[2025-06-20 14:01:24] INFO: End Synchronisation
[2025-06-20 14:01:24] INFO: End Sync DB to API
[2025-06-20 14:01:23] INFO: Send update to DB
[2025-06-20 14:01:23] INFO: Compare DB with API
[2025-06-20 14:01:23] INFO: Get all products from Db
[2025-06-20 14:01:23] INFO: Found 9 products from API.
[2025-06-20 14:01:23] INFO: Get all products from HttpAccess
[2025-06-20 14:01:23] INFO: Start Sync DB to API
[2025-06-20 14:01:23] INFO: End Sync DB to API
[2025-06-20 14:01:23] INFO: Send deletion to API
[2025-06-20 14:01:23] INFO: Send update to API
[2025-06-20 14:01:22] INFO: Get data from DB
[2025-06-20 14:01:22] INFO: Start Sync DB to API
[2025-06-20 14:01:22] INFO: Start Synchronisation...
------------------------------------------------------------
[2025-06-20 14:00:20] INFO: End Synchronisation
[2025-06-20 14:00:20] INFO: End Sync DB to API
[2025-06-20 14:00:20] INFO: Send update to DB
[2025-06-20 14:00:20] INFO: Compare DB with API
[2025-06-20 14:00:19] INFO: Get all products from Db
[2025-06-20 14:00:19] INFO: Found 9 products from API.
[2025-06-20 14:00:19] INFO: Get all products from HttpAccess
[2025-06-20 14:00:19] INFO: Start Sync DB to API
[2025-06-20 14:00:19] INFO: End Sync DB to API
[2025-06-20 14:00:19] INFO: Send deletion to API
[2025-06-20 14:00:19] INFO: Send update to API
[2025-06-20 14:00:19] INFO: Get data from DB
[2025-06-20 14:00:19] INFO: Start Sync DB to API
[2025-06-20 14:00:19] INFO: Start Synchronisation...
------------------------------------------------------------
[2025-06-20 13:57:11] INFO: End Synchronisation
[2025-06-20 13:57:11] INFO: End Sync DB to API
[2025-06-20 13:57:11] INFO: Send update to DB
[2025-06-20 13:57:11] INFO: Compare DB with API
[2025-06-20 13:57:11] INFO: Get all products from Db
[2025-06-20 13:57:11] INFO: Found 9 products from API.
[2025-06-20 13:57:11] INFO: Get all products from HttpAccess
[2025-06-20 13:57:11] INFO: Start Sync DB to API
[2025-06-20 13:57:11] INFO: End Sync DB to API
[2025-06-20 13:57:11] INFO: Send deletion to API
[2025-06-20 13:57:11] INFO: Send update to API
[2025-06-20 13:57:10] INFO: Get data from DB
[2025-06-20 13:57:10] INFO: Start Sync DB to API
[2025-06-20 13:57:10] INFO: Start Synchronisation...
------------------------------------------------------------
[2025-06-20 09:44:41] INFO: End Synchronisation
[2025-06-20 09:44:41] ERROR: Something went wrong while sync the data from the API to the Db.
Exception: This method is not implemented yet. Please use GetProductsAsync instead.
[2025-06-20 09:44:41] ERROR: Failed to get Products from API.
Exception: This method is not implemented yet. Please use GetProductsAsync instead.
[2025-06-20 09:44:41] INFO: Get all products from HttpAccess
[2025-06-20 09:44:41] INFO: Start Sync DB to API
[2025-06-20 09:44:41] INFO: End Sync DB to API
[2025-06-20 09:44:41] INFO: Send deletion to API
[2025-06-20 09:44:41] INFO: Send update to API
[2025-06-20 09:44:40] INFO: Get data from DB
[2025-06-20 09:44:40] INFO: Start Sync DB to API
[2025-06-20 09:44:40] INFO: Start Synchronisation...
------------------------------------------------------------
[2025-06-20 09:38:46] INFO: End Synchronisation
[2025-06-20 09:38:46] INFO: End Sync DB to API
[2025-06-20 09:38:46] INFO: Send update to DB
[2025-06-20 09:38:46] INFO: Compare DB with API
[2025-06-20 09:38:45] INFO: Get all products from Db
[2025-06-20 09:38:45] INFO: Found 9 products from API.
[2025-06-20 09:38:45] INFO: Get all products from HttpAccess
[2025-06-20 09:38:45] INFO: Start Sync DB to API
[2025-06-20 09:38:45] INFO: End Sync DB to API
[2025-06-20 09:38:45] INFO: Send deletion to API
[2025-06-20 09:38:45] INFO: Send update to API
[2025-06-20 09:38:45] INFO: Get data from DB
[2025-06-20 09:38:45] INFO: Start Sync DB to API
[2025-06-20 09:38:45] INFO: Start Synchronisation...
------------------------------------------------------------
[2025-06-20 09:38:29] INFO: End Synchronisation
[2025-06-20 09:38:29] INFO: End Sync DB to API
[2025-06-20 09:38:29] INFO: Send update to DB
[2025-06-20 09:38:29] INFO: Compare DB with API
[2025-06-20 09:38:29] INFO: Get all products from Db
[2025-06-20 09:38:29] INFO: Found 9 products from API.
[2025-06-20 09:38:28] INFO: Get all products from HttpAccess
[2025-06-20 09:38:28] INFO: Start Sync DB to API
[2025-06-20 09:38:28] INFO: End Sync DB to API
[2025-06-20 09:38:28] INFO: Send deletion to API
[2025-06-20 09:38:28] INFO: Send update to API
[2025-06-20 09:38:28] INFO: Get data from DB
[2025-06-20 09:38:28] INFO: Start Sync DB to API
[2025-06-20 09:38:28] INFO: Start Synchronisation...
